C:\Users\roman\source\repos\UA-.NETStandard-Samples\Samples\ClientControls.Net4\Browse\BrowseTreeCtrl.cs(247,43): error CS1503: Argument 2: cannot convert from 'Opc.Ua.ArrayOf<Opc.Ua.ReferenceDescription>' to 'System.Collections.Generic.IList<Opc.Ua.ReferenceDescription>' [C:\Users\roman\source\repos\UA-.NETStandard-Samples\Samples\ClientControls.Net4\UA Client Controls.csproj]
C:\Users\roman\source\repos\UA-.NETStandard-Samples\Samples\ClientControls.Net4\Browse\BrowseTreeCtrl.cs(268,47): error CS1503: Argument 2: cannot convert from 'Opc.Ua.ArrayOf<Opc.Ua.ReferenceDescription>' to 'System.Collections.Generic.IList<Opc.Ua.ReferenceDescription>' [C:\Users\roman\source\repos\UA-.NETStandard-Samples\Samples\ClientControls.Net4\UA Client Controls.csproj]
C:\Users\roman\source\repos\UA-.NETStandard-Samples\Samples\ClientControls.Net4\Common\Client\ConnectServerCtrl.cs(356,62): error CS1503: Argument 1: cannot convert from 'Opc.Ua.Client.INodeCache' to 'Opc.Ua.IComplexTypeResolver' [C:\Users\roman\source\repos\UA-.NETStandard-Samples\Samples\ClientControls.Net4\UA Client Controls.csproj]
C:\Users\roman\source\repos\UA-.NETStandard-Samples\Samples\ClientControls.Net4\Common\Client\ConnectServerCtrl.cs(405,62): error CS1503: Argument 1: cannot convert from 'Opc.Ua.Client.INodeCache' to 'Opc.Ua.IComplexTypeResolver' [C:\Users\roman\source\repos\UA-.NETStandard-Samples\Samples\ClientControls.Net4\UA Client Controls.csproj]
C:\Users\roman\source\repos\UA-.NETStandard-Samples\Samples\ClientControls.Net4\Common\Client\EditAnnotationDlg.cs(83,38): error CS0266: Cannot implicitly convert type 'Opc.Ua.DateTimeUtc' to 'System.DateTime'. An explicit conversion exists (are you missing a cast?) [C:\Users\roman\source\repos\UA-.NETStandard-Samples\Samples\ClientControls.Net4\UA Client Controls.csproj]
C:\Users\roman\source\repos\UA-.NETStandard-Samples\Samples\ClientControls.Net4\Common\Client\EditComplexValue2Dlg.cs(127,21): error CS1061: 'XmlEncoder' does not contain a definition for 'WriteVariantContents' and no accessible extension method 'WriteVariantContents' accepting a first argument of type 'XmlEncoder' could be found (are you missing a using directive or an assembly reference?) [C:\Users\roman\source\repos\UA-.NETStandard-Samples\Samples\ClientControls.Net4\UA Client Controls.csproj]
C:\Users\roman\source\repos\UA-.NETStandard-Samples\Samples\ClientControls.Net4\Common\Client\EditComplexValue2Dlg.cs(133,41): error CS0037: Cannot convert null to 'ExpandedNodeId' because it is a non-nullable value type [C:\Users\roman\source\repos\UA-.NETStandard-Samples\Samples\ClientControls.Net4\UA Client Controls.csproj]
C:\Users\roman\source\repos\UA-.NETStandard-Samples\Samples\ClientControls.Net4\Common\Client\EditComplexValue2Dlg.cs(138,45): error CS0037: Cannot convert null to 'ExtensionObject' because it is a non-nullable value type [C:\Users\roman\source\repos\UA-.NETStandard-Samples\Samples\ClientControls.Net4\UA Client Controls.csproj]
C:\Users\roman\source\repos\UA-.NETStandard-Samples\Samples\ClientControls.Net4\Common\Client\EditComplexValue2Dlg.cs(245,34): error CS0037: Cannot convert null to 'XmlElement' because it is a non-nullable value type [C:\Users\roman\source\repos\UA-.NETStandard-Samples\Samples\ClientControls.Net4\UA Client Controls.csproj]
C:\Users\roman\source\repos\UA-.NETStandard-Samples\Samples\ClientControls.Net4\Common\Client\EditComplexValue2Dlg.cs(249,27): error CS0077: The as operator must be used with a reference type or nullable type ('XmlElement' is a non-nullable value type) [C:\Users\roman\source\repos\UA-.NETStandard-Samples\Samples\ClientControls.Net4\UA Client Controls.csproj]
C:\Users\roman\source\repos\UA-.NETStandard-Samples\Samples\ClientControls.Net4\Common\Client\EditComplexValue2Dlg.cs(251,29): error CS9342: Operator resolution is ambiguous between the following members: 'XmlElement.operator !=(XmlElement, string?)' and 'XmlElement.operator !=(XmlElement, XmlElement?)' [C:\Users\roman\source\repos\UA-.NETStandard-Samples\Samples\ClientControls.Net4\UA Client Controls.csproj]
C:\Users\roman\source\repos\UA-.NETStandard-Samples\Samples\ClientControls.Net4\Common\Client\EditComplexValue2Dlg.cs(262,33): error CS0037: Cannot convert null to 'TypeInfo' because it is a non-nullable value type [C:\Users\roman\source\repos\UA-.NETStandard-Samples\Samples\ClientControls.Net4\UA Client Controls.csproj]
C:\Users\roman\source\repos\UA-.NETStandard-Samples\Samples\ClientControls.Net4\Common\Client\EditComplexValue2Dlg.cs(263,36): error CS1061: 'XmlDecoder' does not contain a definition for 'ReadVariantContents' and no accessible extension method 'ReadVariantContents' accepting a first argument of type 'XmlDecoder' could be found (are you missing a using directive or an assembly reference?) [C:\Users\roman\source\repos\UA-.NETStandard-Samples\Samples\ClientControls.Net4\UA Client Controls.csproj]
C:\Users\roman\source\repos\UA-.NETStandard-Samples\Samples\ClientControls.Net4\Common\Client\EditComplexValue2Dlg.cs(323,43): error CS0029: Cannot implicitly convert type 'Opc.Ua.ArrayOf<Opc.Ua.DataValue>' to 'System.Collections.Generic.List<Opc.Ua.DataValue>' [C:\Users\roman\source\repos\UA-.NETStandard-Samples\Samples\ClientControls.Net4\UA Client Controls.csproj]
C:\Users\roman\source\repos\UA-.NETStandard-Samples\Samples\ClientControls.Net4\Common\Client\EditComplexValue2Dlg.cs(324,56): error CS0029: Cannot implicitly convert type 'Opc.Ua.ArrayOf<Opc.Ua.DiagnosticInfo>' to 'System.Collections.Generic.List<Opc.Ua.DiagnosticInfo>' [C:\Users\roman\source\repos\UA-.NETStandard-Samples\Samples\ClientControls.Net4\UA Client Controls.csproj]
C:\Users\roman\source\repos\UA-.NETStandard-Samples\Samples\ClientControls.Net4\Common\Client\EditComplexValue2Dlg.cs(354,17): error CS0200: Property or indexer 'DataValue.WrappedValue' cannot be assigned to -- it is read only [C:\Users\roman\source\repos\UA-.NETStandard-Samples\Samples\ClientControls.Net4\UA Client Controls.csproj]
C:\Users\roman\source\repos\UA-.NETStandard-Samples\Samples\ClientControls.Net4\Common\Client\EditComplexValue2Dlg.cs(366,44): error CS0029: Cannot implicitly convert type 'Opc.Ua.ArrayOf<Opc.Ua.StatusCode>' to 'System.Collections.Generic.List<Opc.Ua.StatusCode>' [C:\Users\roman\source\repos\UA-.NETStandard-Samples\Samples\ClientControls.Net4\UA Client Controls.csproj]
C:\Users\roman\source\repos\UA-.NETStandard-Samples\Samples\ClientControls.Net4\Common\Client\EditComplexValue2Dlg.cs(367,56): error CS0029: Cannot implicitly convert type 'Opc.Ua.ArrayOf<Opc.Ua.DiagnosticInfo>' to 'System.Collections.Generic.List<Opc.Ua.DiagnosticInfo>' [C:\Users\roman\source\repos\UA-.NETStandard-Samples\Samples\ClientControls.Net4\UA Client Controls.csproj]
C:\Users\roman\source\repos\UA-.NETStandard-Samples\Samples\ClientControls.Net4\Common\Client\EditComplexValueCtrl.cs(1035,43): error CS1503: Argument 1: cannot convert from 'Opc.Ua.BuiltInType' to 'Opc.Ua.ExpandedNodeId' [C:\Users\roman\source\repos\UA-.NETStandard-Samples\Samples\ClientControls.Net4\UA Client Controls.csproj]
C:\Users\roman\source\repos\UA-.NETStandard-Samples\Samples\ClientControls.Net4\Common\Client\EditComplexValueCtrl.cs(1035,76): error CS1503: Argument 2: cannot convert from 'int' to 'Opc.Ua.IEncodeableTypeLookup' [C:\Users\roman\source\repos\UA-.NETStandard-Samples\Samples\ClientControls.Net4\UA Client Controls.csproj]
C:\Users\roman\source\repos\UA-.NETStandard-Samples\Samples\ClientControls.Net4\Common\Client\EditComplexValueCtrl.cs(1160,23): error CS9342: Operator resolution is ambiguous between the following members: 'XmlElement.operator !=(XmlElement, string?)' and 'XmlElement.operator !=(XmlElement, XmlElement?)' [C:\Users\roman\source\repos\UA-.NETStandard-Samples\Samples\ClientControls.Net4\UA Client Controls.csproj]
C:\Users\roman\source\repos\UA-.NETStandard-Samples\Samples\ClientControls.Net4\Common\Client\EditComplexValueCtrl.cs(1171,69): error CS1503: Argument 1: cannot convert from 'Opc.Ua.XmlElement' to 'System.Xml.XmlNode' [C:\Users\roman\source\repos\UA-.NETStandard-Samples\Samples\ClientControls.Net4\UA Client Controls.csproj]
C:\Users\roman\source\repos\UA-.NETStandard-Samples\Samples\ClientControls.Net4\Common\Client\EditComplexValueCtrl.cs(1283,49): error CS0077: The as operator must be used with a reference type or nullable type ('ExtensionObject' is a non-nullable value type) [C:\Users\roman\source\repos\UA-.NETStandard-Samples\Samples\ClientControls.Net4\UA Client Controls.csproj]
C:\Users\roman\source\repos\UA-.NETStandard-Samples\Samples\ClientControls.Net4\Common\Client\EditComplexValueCtrl.cs(1309,44): error CS0453: The type 'IEncodeable' must be a non-nullable value type in order to use it as parameter 'T' in the generic type or method 'Variant.From<T>(T)' [C:\Users\roman\source\repos\UA-.NETStandard-Samples\Samples\ClientControls.Net4\UA Client Controls.csproj]
C:\Users\roman\source\repos\UA-.NETStandard-Samples\Samples\ClientControls.Net4\Common\Client\EditComplexValueCtrl.cs(1322,37): error CS1501: No overload for method 'Cast' takes 2 arguments [C:\Users\roman\source\repos\UA-.NETStandard-Samples\Samples\ClientControls.Net4\UA Client Controls.csproj]
C:\Users\roman\source\repos\UA-.NETStandard-Samples\Samples\ClientControls.Net4\Common\Client\EditComplexValueCtrl.cs(1451,34): error CS1501: No overload for method 'Cast' takes 2 arguments [C:\Users\roman\source\repos\UA-.NETStandard-Samples\Samples\ClientControls.Net4\UA Client Controls.csproj]
C:\Users\roman\source\repos\UA-.NETStandard-Samples\Samples\ClientControls.Net4\Common\Client\EditComplexValueCtrl.cs(1473,52): error CS1501: No overload for method 'Cast' takes 2 arguments [C:\Users\roman\source\repos\UA-.NETStandard-Samples\Samples\ClientControls.Net4\UA Client Controls.csproj]
C:\Users\roman\source\repos\UA-.NETStandard-Samples\Samples\ClientControls.Net4\Common\Client\EditComplexValueCtrl.cs(1504,45): error CS0077: The as operator must be used with a reference type or nullable type ('ExtensionObject' is a non-nullable value type) [C:\Users\roman\source\repos\UA-.NETStandard-Samples\Samples\ClientControls.Net4\UA Client Controls.csproj]
C:\Users\roman\source\repos\UA-.NETStandard-Samples\Samples\ClientControls.Net4\Common\Client\EditComplexValueCtrl.cs(1540,48): error CS0453: The type 'object' must be a non-nullable value type in order to use it as parameter 'T' in the generic type or method 'Variant.From<T>(T)' [C:\Users\roman\source\repos\UA-.NETStandard-Samples\Samples\ClientControls.Net4\UA Client Controls.csproj]
C:\Users\roman\source\repos\UA-.NETStandard-Samples\Samples\ClientControls.Net4\Common\Client\EditComplexValueCtrl.cs(1553,52): error CS0453: The type 'object' must be a non-nullable value type in order to use it as parameter 'T' in the generic type or method 'Variant.From<T>(T)' [C:\Users\roman\source\repos\UA-.NETStandard-Samples\Samples\ClientControls.Net4\UA Client Controls.csproj]
C:\Users\roman\source\repos\UA-.NETStandard-Samples\Samples\ClientControls.Net4\Common\Client\EditComplexValueCtrl.cs(443,41): error CS1501: No overload for method 'Cast' takes 3 arguments [C:\Users\roman\source\repos\UA-.NETStandard-Samples\Samples\ClientControls.Net4\UA Client Controls.csproj]
C:\Users\roman\source\repos\UA-.NETStandard-Samples\Samples\ClientControls.Net4\Common\Client\EditComplexValueCtrl.cs(486,47): error CS1503: Argument 1: cannot convert from 'Opc.Ua.BuiltInType' to 'Opc.Ua.ExpandedNodeId' [C:\Users\roman\source\repos\UA-.NETStandard-Samples\Samples\ClientControls.Net4\UA Client Controls.csproj]
C:\Users\roman\source\repos\UA-.NETStandard-Samples\Samples\ClientControls.Net4\Common\Client\EditComplexValueCtrl.cs(486,60): error CS1503: Argument 2: cannot convert from 'int' to 'Opc.Ua.IEncodeableTypeLookup' [C:\Users\roman\source\repos\UA-.NETStandard-Samples\Samples\ClientControls.Net4\UA Client Controls.csproj]
C:\Users\roman\source\repos\UA-.NETStandard-Samples\Samples\ClientControls.Net4\Common\Client\EditComplexValueCtrl.cs(500,51): error CS1503: Argument 1: cannot convert from 'Opc.Ua.BuiltInType' to 'Opc.Ua.ExpandedNodeId' [C:\Users\roman\source\repos\UA-.NETStandard-Samples\Samples\ClientControls.Net4\UA Client Controls.csproj]
C:\Users\roman\source\repos\UA-.NETStandard-Samples\Samples\ClientControls.Net4\Common\Client\EditComplexValueCtrl.cs(500,64): error CS1503: Argument 2: cannot convert from 'int' to 'Opc.Ua.IEncodeableTypeLookup' [C:\Users\roman\source\repos\UA-.NETStandard-Samples\Samples\ClientControls.Net4\UA Client Controls.csproj]
C:\Users\roman\source\repos\UA-.NETStandard-Samples\Samples\ClientControls.Net4\Common\Client\EditComplexValueCtrl.cs(504,32): error CS0266: Cannot implicitly convert type 'Opc.Ua.IType' to 'System.Type'. An explicit conversion exists (are you missing a cast?) [C:\Users\roman\source\repos\UA-.NETStandard-Samples\Samples\ClientControls.Net4\UA Client Controls.csproj]
C:\Users\roman\source\repos\UA-.NETStandard-Samples\Samples\ClientControls.Net4\Common\Client\EditComplexValueCtrl.cs(535,32): error CS0117: 'Utils' does not contain a definition for 'Clone' [C:\Users\roman\source\repos\UA-.NETStandard-Samples\Samples\ClientControls.Net4\UA Client Controls.csproj]
C:\Users\roman\source\repos\UA-.NETStandard-Samples\Samples\ClientControls.Net4\Common\Client\EditComplexValueCtrl.cs(584,23): error CS1503: Argument 1: cannot convert from '<null>' to 'Opc.Ua.TypeInfo' [C:\Users\roman\source\repos\UA-.NETStandard-Samples\Samples\ClientControls.Net4\UA Client Controls.csproj]
C:\Users\roman\source\repos\UA-.NETStandard-Samples\Samples\ClientControls.Net4\Common\Client\EditComplexValueCtrl.cs(618,32): error CS0117: 'Utils' does not contain a definition for 'Clone' [C:\Users\roman\source\repos\UA-.NETStandard-Samples\Samples\ClientControls.Net4\UA Client Controls.csproj]
C:\Users\roman\source\repos\UA-.NETStandard-Samples\Samples\ClientControls.Net4\Common\Client\EditComplexValueCtrl.cs(627,35): error CS1501: No overload for method 'Cast' takes 2 arguments [C:\Users\roman\source\repos\UA-.NETStandard-Samples\Samples\ClientControls.Net4\UA Client Controls.csproj]
C:\Users\roman\source\repos\UA-.NETStandard-Samples\Samples\ClientControls.Net4\Common\Client\EditComplexValueCtrl.cs(662,40): error CS1501: No overload for method 'Cast' takes 2 arguments [C:\Users\roman\source\repos\UA-.NETStandard-Samples\Samples\ClientControls.Net4\UA Client Controls.csproj]
C:\Users\roman\source\repos\UA-.NETStandard-Samples\Samples\ClientControls.Net4\Common\Client\EditComplexValueCtrl.cs(802,41): error CS0077: The as operator must be used with a reference type or nullable type ('ExtensionObject' is a non-nullable value type) [C:\Users\roman\source\repos\UA-.NETStandard-Samples\Samples\ClientControls.Net4\UA Client Controls.csproj]
C:\Users\roman\source\repos\UA-.NETStandard-Samples\Samples\ClientControls.Net4\Common\Client\EditMonitoredItemDlg.cs(237,46): error CS0037: Cannot convert null to 'QualifiedName' because it is a non-nullable value type [C:\Users\roman\source\repos\UA-.NETStandard-Samples\Samples\ClientControls.Net4\UA Client Controls.csproj]
C:\Users\roman\source\repos\UA-.NETStandard-Samples\Samples\ClientControls.Net4\Common\Client\EditMonitoredItemDlg.Designer.cs(427,35): error CS0037: Cannot convert null to 'NodeId' because it is a non-nullable value type [C:\Users\roman\source\repos\UA-.NETStandard-Samples\Samples\ClientControls.Net4\UA Client Controls.csproj]
C:\Users\roman\source\repos\UA-.NETStandard-Samples\Samples\ClientControls.Net4\Common\Client\EditReadValueIdDlg.cs(247,38): error CS0117: 'NumericRange' does not contain a definition for 'Empty' [C:\Users\roman\source\repos\UA-.NETStandard-Samples\Samples\ClientControls.Net4\UA Client Controls.csproj]
C:\Users\roman\source\repos\UA-.NETStandard-Samples\Samples\ClientControls.Net4\Common\Client\EditReadValueIdDlg.cs(259,48): error CS0037: Cannot convert null to 'QualifiedName' because it is a non-nullable value type [C:\Users\roman\source\repos\UA-.NETStandard-Samples\Samples\ClientControls.Net4\UA Client Controls.csproj]
C:\Users\roman\source\repos\UA-.NETStandard-Samples\Samples\ClientControls.Net4\Common\Client\EditReadValueIdDlg.Designer.cs(242,35): error CS0037: Cannot convert null to 'NodeId' because it is a non-nullable value type [C:\Users\roman\source\repos\UA-.NETStandard-Samples\Samples\ClientControls.Net4\UA Client Controls.csproj]
C:\Users\roman\source\repos\UA-.NETStandard-Samples\Samples\ClientControls.Net4\Common\Client\EditValueCtrl.cs(122,29): error CS0453: The type 'object' must be a non-nullable value type in order to use it as parameter 'T' in the generic type or method 'Variant.From<T>(T)' [C:\Users\roman\source\repos\UA-.NETStandard-Samples\Samples\ClientControls.Net4\UA Client Controls.csproj]
C:\Users\roman\source\repos\UA-.NETStandard-Samples\Samples\ClientControls.Net4\Common\Client\EditWriteValueDlg.cs(112,13): error CS0200: Property or indexer 'DataValue.WrappedValue' cannot be assigned to -- it is read only [C:\Users\roman\source\repos\UA-.NETStandard-Samples\Samples\ClientControls.Net4\UA Client Controls.csproj]
C:\Users\roman\source\repos\UA-.NETStandard-Samples\Samples\ClientControls.Net4\Common\Client\EditWriteValueDlg.cs(116,17): error CS0200: Property or indexer 'DataValue.StatusCode' cannot be assigned to -- it is read only [C:\Users\roman\source\repos\UA-.NETStandard-Samples\Samples\ClientControls.Net4\UA Client Controls.csproj]
C:\Users\roman\source\repos\UA-.NETStandard-Samples\Samples\ClientControls.Net4\Common\Client\EditWriteValueDlg.cs(116,64): error CS0117: 'TypeInfo' does not contain a definition for 'Cast' [C:\Users\roman\source\repos\UA-.NETStandard-Samples\Samples\ClientControls.Net4\UA Client Controls.csproj]
C:\Users\roman\source\repos\UA-.NETStandard-Samples\Samples\ClientControls.Net4\Common\Client\EditWriteValueDlg.cs(121,17): error CS0200: Property or indexer 'DataValue.SourceTimestamp' cannot be assigned to -- it is read only [C:\Users\roman\source\repos\UA-.NETStandard-Samples\Samples\ClientControls.Net4\UA Client Controls.csproj]
C:\Users\roman\source\repos\UA-.NETStandard-Samples\Samples\ClientControls.Net4\Common\Client\EditWriteValueDlg.cs(121,67): error CS0117: 'TypeInfo' does not contain a definition for 'Cast' [C:\Users\roman\source\repos\UA-.NETStandard-Samples\Samples\ClientControls.Net4\UA Client Controls.csproj]
C:\Users\roman\source\repos\UA-.NETStandard-Samples\Samples\ClientControls.Net4\Common\Client\EditWriteValueDlg.cs(126,17): error CS0200: Property or indexer 'DataValue.ServerTimestamp' cannot be assigned to -- it is read only [C:\Users\roman\source\repos\UA-.NETStandard-Samples\Samples\ClientControls.Net4\UA Client Controls.csproj]
C:\Users\roman\source\repos\UA-.NETStandard-Samples\Samples\ClientControls.Net4\Common\Client\EditWriteValueDlg.cs(126,67): error CS0117: 'TypeInfo' does not contain a definition for 'Cast' [C:\Users\roman\source\repos\UA-.NETStandard-Samples\Samples\ClientControls.Net4\UA Client Controls.csproj]
C:\Users\roman\source\repos\UA-.NETStandard-Samples\Samples\ClientControls.Net4\Common\Client\EditWriteValueDlg.cs(129,30): error CS0117: 'NumericRange' does not contain a definition for 'Empty' [C:\Users\roman\source\repos\UA-.NETStandard-Samples\Samples\ClientControls.Net4\UA Client Controls.csproj]
C:\Users\roman\source\repos\UA-.NETStandard-Samples\Samples\ClientControls.Net4\Common\Client\EditWriteValueDlg.cs(158,30): error CS0117: 'TypeInfo' does not contain a definition for 'Cast' [C:\Users\roman\source\repos\UA-.NETStandard-Samples\Samples\ClientControls.Net4\UA Client Controls.csproj]
C:\Users\roman\source\repos\UA-.NETStandard-Samples\Samples\ClientControls.Net4\Common\Client\EditWriteValueDlg.cs(165,30): error CS0117: 'TypeInfo' does not contain a definition for 'Cast' [C:\Users\roman\source\repos\UA-.NETStandard-Samples\Samples\ClientControls.Net4\UA Client Controls.csproj]
C:\Users\roman\source\repos\UA-.NETStandard-Samples\Samples\ClientControls.Net4\Common\Client\EditWriteValueDlg.cs(172,30): error CS0117: 'TypeInfo' does not contain a definition for 'Cast' [C:\Users\roman\source\repos\UA-.NETStandard-Samples\Samples\ClientControls.Net4\UA Client Controls.csproj]
C:\Users\roman\source\repos\UA-.NETStandard-Samples\Samples\ClientControls.Net4\Common\Client\EditWriteValueDlg.cs(85,54): error CS0117: 'TypeInfo' does not contain a definition for 'Cast' [C:\Users\roman\source\repos\UA-.NETStandard-Samples\Samples\ClientControls.Net4\UA Client Controls.csproj]
C:\Users\roman\source\repos\UA-.NETStandard-Samples\Samples\ClientControls.Net4\Common\Client\EditWriteValueDlg.cs(91,59): error CS0117: 'TypeInfo' does not contain a definition for 'Cast' [C:\Users\roman\source\repos\UA-.NETStandard-Samples\Samples\ClientControls.Net4\UA Client Controls.csproj]
C:\Users\roman\source\repos\UA-.NETStandard-Samples\Samples\ClientControls.Net4\Common\Client\EditWriteValueDlg.cs(97,59): error CS0117: 'TypeInfo' does not contain a definition for 'Cast' [C:\Users\roman\source\repos\UA-.NETStandard-Samples\Samples\ClientControls.Net4\UA Client Controls.csproj]
C:\Users\roman\source\repos\UA-.NETStandard-Samples\Samples\ClientControls.Net4\Common\Client\EditWriteValueDlg.Designer.cs(345,35): error CS0037: Cannot convert null to 'NodeId' because it is a non-nullable value type [C:\Users\roman\source\repos\UA-.NETStandard-Samples\Samples\ClientControls.Net4\UA Client Controls.csproj]
C:\Users\roman\source\repos\UA-.NETStandard-Samples\Samples\ClientControls.Net4\Common\Client\EditWriteValueDlg.Designer.cs(346,41): error CS0037: Cannot convert null to 'NodeId' because it is a non-nullable value type [C:\Users\roman\source\repos\UA-.NETStandard-Samples\Samples\ClientControls.Net4\UA Client Controls.csproj]
C:\Users\roman\source\repos\UA-.NETStandard-Samples\Samples\ClientControls.Net4\Common\Client\EventFilterListViewCtrl.cs(197,53): error CS0453: The type 'object' must be a non-nullable value type in order to use it as parameter 'T' in the generic type or method 'Variant.From<T>(T)' [C:\Users\roman\source\repos\UA-.NETStandard-Samples\Samples\ClientControls.Net4\UA Client Controls.csproj]
C:\Users\roman\source\repos\UA-.NETStandard-Samples\Samples\ClientControls.Net4\Common\Client\EventListViewCtrl.cs(166,51): error CS0029: Cannot implicitly convert type 'Opc.Ua.ArrayOf<Opc.Ua.HistoryReadResult>' to 'Opc.Ua.HistoryReadResultCollection' [C:\Users\roman\source\repos\UA-.NETStandard-Samples\Samples\ClientControls.Net4\UA Client Controls.csproj]
C:\Users\roman\source\repos\UA-.NETStandard-Samples\Samples\ClientControls.Net4\Common\Client\EventListViewCtrl.cs(167,52): error CS0029: Cannot implicitly convert type 'Opc.Ua.ArrayOf<Opc.Ua.DiagnosticInfo>' to 'System.Collections.Generic.List<Opc.Ua.DiagnosticInfo>' [C:\Users\roman\source\repos\UA-.NETStandard-Samples\Samples\ClientControls.Net4\UA Client Controls.csproj]
C:\Users\roman\source\repos\UA-.NETStandard-Samples\Samples\ClientControls.Net4\Common\Client\EventListViewCtrl.cs(181,30): error CS1503: Argument 1: cannot convert from 'Opc.Ua.ArrayOf<Opc.Ua.Variant>' to 'Opc.Ua.EventFieldList' [C:\Users\roman\source\repos\UA-.NETStandard-Samples\Samples\ClientControls.Net4\UA Client Controls.csproj]
C:\Users\roman\source\repos\UA-.NETStandard-Samples\Samples\ClientControls.Net4\Common\Client\EventListViewCtrl.cs(197,27): error CS0029: Cannot implicitly convert type 'Opc.Ua.ArrayOf<Opc.Ua.HistoryReadResult>' to 'Opc.Ua.HistoryReadResultCollection' [C:\Users\roman\source\repos\UA-.NETStandard-Samples\Samples\ClientControls.Net4\UA Client Controls.csproj]
C:\Users\roman\source\repos\UA-.NETStandard-Samples\Samples\ClientControls.Net4\Common\Client\EventListViewCtrl.cs(198,35): error CS0029: Cannot implicitly convert type 'Opc.Ua.ArrayOf<Opc.Ua.DiagnosticInfo>' to 'System.Collections.Generic.List<Opc.Ua.DiagnosticInfo>' [C:\Users\roman\source\repos\UA-.NETStandard-Samples\Samples\ClientControls.Net4\UA Client Controls.csproj]
C:\Users\roman\source\repos\UA-.NETStandard-Samples\Samples\ClientControls.Net4\Common\Client\EventListViewCtrl.cs(239,34): error CS1061: 'ArrayOf<ByteString>' does not contain a definition for 'Add' and no accessible extension method 'Add' accepting a first argument of type 'ArrayOf<ByteString>' could be found (are you missing a using directive or an assembly reference?) [C:\Users\roman\source\repos\UA-.NETStandard-Samples\Samples\ClientControls.Net4\UA Client Controls.csproj]
C:\Users\roman\source\repos\UA-.NETStandard-Samples\Samples\ClientControls.Net4\Common\Client\EventListViewCtrl.cs(252,53): error CS0029: Cannot implicitly convert type 'Opc.Ua.ArrayOf<Opc.Ua.HistoryUpdateResult>' to 'Opc.Ua.HistoryUpdateResultCollection' [C:\Users\roman\source\repos\UA-.NETStandard-Samples\Samples\ClientControls.Net4\UA Client Controls.csproj]
C:\Users\roman\source\repos\UA-.NETStandard-Samples\Samples\ClientControls.Net4\Common\Client\EventListViewCtrl.cs(253,52): error CS0029: Cannot implicitly convert type 'Opc.Ua.ArrayOf<Opc.Ua.DiagnosticInfo>' to 'System.Collections.Generic.List<Opc.Ua.DiagnosticInfo>' [C:\Users\roman\source\repos\UA-.NETStandard-Samples\Samples\ClientControls.Net4\UA Client Controls.csproj]
C:\Users\roman\source\repos\UA-.NETStandard-Samples\Samples\ClientControls.Net4\Common\Client\EventListViewCtrl.cs(312,68): error CS1503: Argument 2: cannot convert from 'Opc.Ua.ArrayOf<Opc.Ua.Variant>' to 'System.Collections.Generic.List<Opc.Ua.Variant>' [C:\Users\roman\source\repos\UA-.NETStandard-Samples\Samples\ClientControls.Net4\UA Client Controls.csproj]
C:\Users\roman\source\repos\UA-.NETStandard-Samples\Samples\ClientControls.Net4\Common\Client\GdsDiscoverServersDlg.cs(191,110): error CS1503: Argument 3: cannot convert from '<null>' to 'Opc.Ua.ExpandedNodeId' [C:\Users\roman\source\repos\UA-.NETStandard-Samples\Samples\ClientControls.Net4\UA Client Controls.csproj]
C:\Users\roman\source\repos\UA-.NETStandard-Samples\Samples\ClientControls.Net4\Common\Client\GdsDiscoverServersDlg.cs(309,32): error CS0037: Cannot convert null to 'NodeId' because it is a non-nullable value type [C:\Users\roman\source\repos\UA-.NETStandard-Samples\Samples\ClientControls.Net4\UA Client Controls.csproj]
C:\Users\roman\source\repos\UA-.NETStandard-Samples\Samples\ClientControls.Net4\Common\Client\GdsDiscoverServersDlg.cs(319,45): error CS0029: Cannot implicitly convert type 'Opc.Ua.ArrayOf<Opc.Ua.Variant>' to 'System.Collections.Generic.IList<object>' [C:\Users\roman\source\repos\UA-.NETStandard-Samples\Samples\ClientControls.Net4\UA Client Controls.csproj]
C:\Users\roman\source\repos\UA-.NETStandard-Samples\Samples\ClientControls.Net4\Common\Client\GdsDiscoverServersDlg.cs(380,39): error CS0029: Cannot implicitly convert type 'Opc.Ua.ArrayOf<Opc.Ua.DataValue>' to 'System.Collections.Generic.List<Opc.Ua.DataValue>' [C:\Users\roman\source\repos\UA-.NETStandard-Samples\Samples\ClientControls.Net4\UA Client Controls.csproj]
C:\Users\roman\source\repos\UA-.NETStandard-Samples\Samples\ClientControls.Net4\Common\Client\GdsDiscoverServersDlg.cs(381,52): error CS0029: Cannot implicitly convert type 'Opc.Ua.ArrayOf<Opc.Ua.DiagnosticInfo>' to 'System.Collections.Generic.List<Opc.Ua.DiagnosticInfo>' [C:\Users\roman\source\repos\UA-.NETStandard-Samples\Samples\ClientControls.Net4\UA Client Controls.csproj]
C:\Users\roman\source\repos\UA-.NETStandard-Samples\Samples\ClientControls.Net4\Common\Client\GdsDiscoverServersDlg.cs(388,78): error CS1503: Argument 1: cannot convert from '<null>' to 'Opc.Ua.LocalizedText' [C:\Users\roman\source\repos\UA-.NETStandard-Samples\Samples\ClientControls.Net4\UA Client Controls.csproj]
C:\Users\roman\source\repos\UA-.NETStandard-Samples\Samples\ClientControls.Net4\Common\Client\GdsDiscoverServersDlg.Designer.cs(382,44): error CS0037: Cannot convert null to 'NodeId' because it is a non-nullable value type [C:\Users\roman\source\repos\UA-.NETStandard-Samples\Samples\ClientControls.Net4\UA Client Controls.csproj]
C:\Users\roman\source\repos\UA-.NETStandard-Samples\Samples\ClientControls.Net4\Common\Client\HistoryDataListView.cs(1629,34): error CS1061: 'ArrayOf<DateTimeUtc>' does not contain a definition for 'Add' and no accessible extension method 'Add' accepting a first argument of type 'ArrayOf<DateTimeUtc>' could be found (are you missing a using directive or an assembly reference?) [C:\Users\roman\source\repos\UA-.NETStandard-Samples\Samples\ClientControls.Net4\UA Client Controls.csproj]
C:\Users\roman\source\repos\UA-.NETStandard-Samples\Samples\ClientControls.Net4\Common\Client\HistoryDataListView.cs(2361,42): error CS0266: Cannot implicitly convert type 'Opc.Ua.Variant' to 'Opc.Ua.DataValue'. An explicit conversion exists (are you missing a cast?) [C:\Users\roman\source\repos\UA-.NETStandard-Samples\Samples\ClientControls.Net4\UA Client Controls.csproj]
C:\Users\roman\source\repos\UA-.NETStandard-Samples\Samples\ClientControls.Net4\Common\Client\HistoryDataListView.cs(661,25): error CS0037: Cannot convert null to 'NodeId' because it is a non-nullable value type [C:\Users\roman\source\repos\UA-.NETStandard-Samples\Samples\ClientControls.Net4\UA Client Controls.csproj]
C:\Users\roman\source\repos\UA-.NETStandard-Samples\Samples\ClientControls.Net4\Common\Client\HistoryDataListView.cs(811,99): error CS0246: The type or namespace name 'EnumBuilder<>' could not be found (are you missing a using directive or an assembly reference?) [C:\Users\roman\source\repos\UA-.NETStandard-Samples\Samples\ClientControls.Net4\UA Client Controls.csproj]
C:\Users\roman\source\repos\UA-.NETStandard-Samples\Samples\ClientControls.Net4\Common\Client\HistoryDataListView.cs(812,68): error CS0315: The type 'Opc.Ua.VariantBuilder' cannot be used as type parameter 'TBuilder' in the generic type or method 'PropertyState<DateTime>.With<TBuilder>(NodeState)'. There is no boxing conversion from 'Opc.Ua.VariantBuilder' to 'Opc.Ua.IVariantBuilder<System.DateTime>'. [C:\Users\roman\source\repos\UA-.NETStandard-Samples\Samples\ClientControls.Net4\UA Client Controls.csproj]
C:\Users\roman\source\repos\UA-.NETStandard-Samples\Samples\ClientControls.Net4\Common\Client\HistoryDataListView.cs(813,74): error CS0315: The type 'Opc.Ua.VariantBuilder' cannot be used as type parameter 'TBuilder' in the generic type or method 'PropertyState<DateTime>.With<TBuilder>(NodeState)'. There is no boxing conversion from 'Opc.Ua.VariantBuilder' to 'Opc.Ua.IVariantBuilder<System.DateTime>'. [C:\Users\roman\source\repos\UA-.NETStandard-Samples\Samples\ClientControls.Net4\UA Client Controls.csproj]
C:\Users\roman\source\repos\UA-.NETStandard-Samples\Samples\ClientControls.Net4\Common\Client\HistoryDataListView.cs(817,17): error CS1503: Argument 2: cannot convert from '<null>' to 'Opc.Ua.NodeId' [C:\Users\roman\source\repos\UA-.NETStandard-Samples\Samples\ClientControls.Net4\UA Client Controls.csproj]
C:\Users\roman\source\repos\UA-.NETStandard-Samples\Samples\ClientControls.Net4\Common\Client\HistoryDataListView.cs(818,17): error CS1503: Argument 3: cannot convert from 'string' to 'Opc.Ua.QualifiedName' [C:\Users\roman\source\repos\UA-.NETStandard-Samples\Samples\ClientControls.Net4\UA Client Controls.csproj]
C:\Users\roman\source\repos\UA-.NETStandard-Samples\Samples\ClientControls.Net4\Common\Client\HistoryDataListView.cs(819,17): error CS1503: Argument 4: cannot convert from '<null>' to 'Opc.Ua.LocalizedText' [C:\Users\roman\source\repos\UA-.NETStandard-Samples\Samples\ClientControls.Net4\UA Client Controls.csproj]
C:\Users\roman\source\repos\UA-.NETStandard-Samples\Samples\ClientControls.Net4\Common\Client\HistoryDataListView.cs(827,34): error CS0266: Cannot implicitly convert type 'string' to 'Opc.Ua.QualifiedName'. An explicit conversion exists (are you missing a cast?) [C:\Users\roman\source\repos\UA-.NETStandard-Samples\Samples\ClientControls.Net4\UA Client Controls.csproj]
C:\Users\roman\source\repos\UA-.NETStandard-Samples\Samples\ClientControls.Net4\Common\Client\HistoryEventCtrl.cs(107,24): error CS0037: Cannot convert null to 'NodeId' because it is a non-nullable value type [C:\Users\roman\source\repos\UA-.NETStandard-Samples\Samples\ClientControls.Net4\UA Client Controls.csproj]
C:\Users\roman\source\repos\UA-.NETStandard-Samples\Samples\ClientControls.Net4\Common\Client\HistoryEventCtrl.cs(275,21): error CS1929: 'ArrayOf<RelativePathElement>' does not contain a definition for 'AddRange' and the best extension method overload 'ArrayOf.AddRange<RelativePathElement>(IList<RelativePathElement>, ArrayOf<RelativePathElement>)' requires a receiver of type 'System.Collections.Generic.IList<Opc.Ua.RelativePathElement>' [C:\Users\roman\source\repos\UA-.NETStandard-Samples\Samples\ClientControls.Net4\UA Client Controls.csproj]
C:\Users\roman\source\repos\UA-.NETStandard-Samples\Samples\ClientControls.Net4\Common\Client\HistoryEventCtrl.cs(284,50): error CS1061: 'ArrayOf<RelativePathElement>' does not contain a definition for 'Add' and no accessible extension method 'Add' accepting a first argument of type 'ArrayOf<RelativePathElement>' could be found (are you missing a using directive or an assembly reference?) [C:\Users\roman\source\repos\UA-.NETStandard-Samples\Samples\ClientControls.Net4\UA Client Controls.csproj]
C:\Users\roman\source\repos\UA-.NETStandard-Samples\Samples\ClientControls.Net4\Common\Client\ReadRequestListViewCtrl.cs(148,39): error CS0029: Cannot implicitly convert type 'Opc.Ua.ArrayOf<Opc.Ua.DataValue>' to 'System.Collections.Generic.List<Opc.Ua.DataValue>' [C:\Users\roman\source\repos\UA-.NETStandard-Samples\Samples\ClientControls.Net4\UA Client Controls.csproj]
C:\Users\roman\source\repos\UA-.NETStandard-Samples\Samples\ClientControls.Net4\Common\Client\ReadRequestListViewCtrl.cs(149,52): error CS0029: Cannot implicitly convert type 'Opc.Ua.ArrayOf<Opc.Ua.DiagnosticInfo>' to 'System.Collections.Generic.List<Opc.Ua.DiagnosticInfo>' [C:\Users\roman\source\repos\UA-.NETStandard-Samples\Samples\ClientControls.Net4\UA Client Controls.csproj]
C:\Users\roman\source\repos\UA-.NETStandard-Samples\Samples\ClientControls.Net4\Common\Client\ReadRequestListViewCtrl.cs(291,29): error CS1503: Argument 2: cannot convert from '<null>' to 'Opc.Ua.NodeId' [C:\Users\roman\source\repos\UA-.NETStandard-Samples\Samples\ClientControls.Net4\UA Client Controls.csproj]
C:\Users\roman\source\repos\UA-.NETStandard-Samples\Samples\ClientControls.Net4\Common\Client\SelectNodeCtrl.cs(97,77): error CS0037: Cannot convert null to 'NodeId' because it is a non-nullable value type [C:\Users\roman\source\repos\UA-.NETStandard-Samples\Samples\ClientControls.Net4\UA Client Controls.csproj]
C:\Users\roman\source\repos\UA-.NETStandard-Samples\Samples\ClientControls.Net4\Common\Client\SelectNodeDlg.cs(107,20): error CS0037: Cannot convert null to 'NodeId' because it is a non-nullable value type [C:\Users\roman\source\repos\UA-.NETStandard-Samples\Samples\ClientControls.Net4\UA Client Controls.csproj]
C:\Users\roman\source\repos\UA-.NETStandard-Samples\Samples\ClientControls.Net4\Common\Client\SelectNodeDlg.cs(96,24): error CS0037: Cannot convert null to 'NodeId' because it is a non-nullable value type [C:\Users\roman\source\repos\UA-.NETStandard-Samples\Samples\ClientControls.Net4\UA Client Controls.csproj]
C:\Users\roman\source\repos\UA-.NETStandard-Samples\Samples\ClientControls.Net4\Common\Client\SetTypeDlg.Designer.cs(205,44): error CS0037: Cannot convert null to 'NodeId' because it is a non-nullable value type [C:\Users\roman\source\repos\UA-.NETStandard-Samples\Samples\ClientControls.Net4\UA Client Controls.csproj]
C:\Users\roman\source\repos\UA-.NETStandard-Samples\Samples\ClientControls.Net4\Common\Client\SubscribeDataListViewCtrl.cs(140,69): error CS0123: No overload for 'OnDataChangeAsync' matches delegate 'FastDataChangeNotificationEventHandler' [C:\Users\roman\source\repos\UA-.NETStandard-Samples\Samples\ClientControls.Net4\UA Client Controls.csproj]
C:\Users\roman\source\repos\UA-.NETStandard-Samples\Samples\ClientControls.Net4\Common\Client\SubscribeDataListViewCtrl.cs(200,53): error CS0123: No overload for 'OnDataChangeAsync' matches delegate 'FastDataChangeNotificationEventHandler' [C:\Users\roman\source\repos\UA-.NETStandard-Samples\Samples\ClientControls.Net4\UA Client Controls.csproj]
C:\Users\roman\source\repos\UA-.NETStandard-Samples\Samples\ClientControls.Net4\Common\Client\SubscribeDataListViewCtrl.cs(508,34): error CS0123: No overload for 'OnDataChangeAsync' matches delegate 'FastDataChangeNotificationEventHandler' [C:\Users\roman\source\repos\UA-.NETStandard-Samples\Samples\ClientControls.Net4\UA Client Controls.csproj]
C:\Users\roman\source\repos\UA-.NETStandard-Samples\Samples\ClientControls.Net4\Common\Client\SubscribeDataListViewCtrl.cs(649,35): error CS0037: Cannot convert null to 'DataValue' because it is a non-nullable value type [C:\Users\roman\source\repos\UA-.NETStandard-Samples\Samples\ClientControls.Net4\UA Client Controls.csproj]
C:\Users\roman\source\repos\UA-.NETStandard-Samples\Samples\ClientControls.Net4\Common\Client\SubscribeEventsDlg.cs(135,64): error CS0123: No overload for 'OnEvent' matches delegate 'FastEventNotificationEventHandler' [C:\Users\roman\source\repos\UA-.NETStandard-Samples\Samples\ClientControls.Net4\UA Client Controls.csproj]
C:\Users\roman\source\repos\UA-.NETStandard-Samples\Samples\ClientControls.Net4\Common\Client\SubscribeEventsDlg.cs(170,48): error CS0123: No overload for 'OnEvent' matches delegate 'FastEventNotificationEventHandler' [C:\Users\roman\source\repos\UA-.NETStandard-Samples\Samples\ClientControls.Net4\UA Client Controls.csproj]
C:\Users\roman\source\repos\UA-.NETStandard-Samples\Samples\ClientControls.Net4\Common\Client\SubscribeEventsDlg.cs(699,34): error CS0123: No overload for 'OnEvent' matches delegate 'FastEventNotificationEventHandler' [C:\Users\roman\source\repos\UA-.NETStandard-Samples\Samples\ClientControls.Net4\UA Client Controls.csproj]
C:\Users\roman\source\repos\UA-.NETStandard-Samples\Samples\ClientControls.Net4\Common\Client\TypeFieldsListViewCtrl.cs(203,39): error CS0029: Cannot implicitly convert type 'Opc.Ua.ArrayOf<Opc.Ua.DataValue>' to 'System.Collections.Generic.List<Opc.Ua.DataValue>' [C:\Users\roman\source\repos\UA-.NETStandard-Samples\Samples\ClientControls.Net4\UA Client Controls.csproj]
C:\Users\roman\source\repos\UA-.NETStandard-Samples\Samples\ClientControls.Net4\Common\Client\TypeFieldsListViewCtrl.cs(204,52): error CS0029: Cannot implicitly convert type 'Opc.Ua.ArrayOf<Opc.Ua.DiagnosticInfo>' to 'System.Collections.Generic.List<Opc.Ua.DiagnosticInfo>' [C:\Users\roman\source\repos\UA-.NETStandard-Samples\Samples\ClientControls.Net4\UA Client Controls.csproj]
C:\Users\roman\source\repos\UA-.NETStandard-Samples\Samples\ClientControls.Net4\Common\Client\WriteRequestListViewCtrl.cs(169,39): error CS0029: Cannot implicitly convert type 'Opc.Ua.ArrayOf<Opc.Ua.DataValue>' to 'System.Collections.Generic.List<Opc.Ua.DataValue>' [C:\Users\roman\source\repos\UA-.NETStandard-Samples\Samples\ClientControls.Net4\UA Client Controls.csproj]
C:\Users\roman\source\repos\UA-.NETStandard-Samples\Samples\ClientControls.Net4\Common\Client\WriteRequestListViewCtrl.cs(170,52): error CS0029: Cannot implicitly convert type 'Opc.Ua.ArrayOf<Opc.Ua.DiagnosticInfo>' to 'System.Collections.Generic.List<Opc.Ua.DiagnosticInfo>' [C:\Users\roman\source\repos\UA-.NETStandard-Samples\Samples\ClientControls.Net4\UA Client Controls.csproj]
C:\Users\roman\source\repos\UA-.NETStandard-Samples\Samples\ClientControls.Net4\Common\Client\WriteRequestListViewCtrl.cs(216,40): error CS0029: Cannot implicitly convert type 'Opc.Ua.ArrayOf<Opc.Ua.StatusCode>' to 'System.Collections.Generic.List<Opc.Ua.StatusCode>' [C:\Users\roman\source\repos\UA-.NETStandard-Samples\Samples\ClientControls.Net4\UA Client Controls.csproj]
C:\Users\roman\source\repos\UA-.NETStandard-Samples\Samples\ClientControls.Net4\Common\Client\WriteRequestListViewCtrl.cs(217,52): error CS0029: Cannot implicitly convert type 'Opc.Ua.ArrayOf<Opc.Ua.DiagnosticInfo>' to 'System.Collections.Generic.List<Opc.Ua.DiagnosticInfo>' [C:\Users\roman\source\repos\UA-.NETStandard-Samples\Samples\ClientControls.Net4\UA Client Controls.csproj]
C:\Users\roman\source\repos\UA-.NETStandard-Samples\Samples\ClientControls.Net4\Common\Client\WriteRequestListViewCtrl.cs(407,29): error CS0200: Property or indexer 'DataValue.Value' cannot be assigned to -- it is read only [C:\Users\roman\source\repos\UA-.NETStandard-Samples\Samples\ClientControls.Net4\UA Client Controls.csproj]
C:\Users\roman\source\repos\UA-.NETStandard-Samples\Samples\ClientControls.Net4\Common\DiscoveredServerListCtrl.cs(268,60): error CS0029: Cannot implicitly convert type 'Opc.Ua.ArrayOf<Opc.Ua.ApplicationDescription>' to 'Opc.Ua.ApplicationDescriptionCollection' [C:\Users\roman\source\repos\UA-.NETStandard-Samples\Samples\ClientControls.Net4\UA Client Controls.csproj]
C:\Users\roman\source\repos\UA-.NETStandard-Samples\Samples\ClientControls.Net4\Common\DiscoveredServerOnNetworkListCtrl.cs(137,33): error CS0029: Cannot implicitly convert type 'Opc.Ua.ArrayOf<string>' to 'System.Collections.Generic.List<string>' [C:\Users\roman\source\repos\UA-.NETStandard-Samples\Samples\ClientControls.Net4\UA Client Controls.csproj]
C:\Users\roman\source\repos\UA-.NETStandard-Samples\Samples\ClientControls.Net4\Common\DiscoveredServerOnNetworkListCtrl.cs(273,18): error CS0029: Cannot implicitly convert type 'Opc.Ua.ArrayOf<Opc.Ua.ServerOnNetwork>' to 'Opc.Ua.ServerOnNetworkCollection' [C:\Users\roman\source\repos\UA-.NETStandard-Samples\Samples\ClientControls.Net4\UA Client Controls.csproj]
C:\Users\roman\source\repos\UA-.NETStandard-Samples\Samples\ClientControls.Net4\Common\DiscoveredServerOnNetworkListCtrl.cs(273,27): error CS0266: Cannot implicitly convert type 'Opc.Ua.DateTimeUtc' to 'System.DateTime'. An explicit conversion exists (are you missing a cast?) [C:\Users\roman\source\repos\UA-.NETStandard-Samples\Samples\ClientControls.Net4\UA Client Controls.csproj]
C:\Users\roman\source\repos\UA-.NETStandard-Samples\Samples\ClientControls.Net4\Common\DiscoverServerDlg.cs(125,94): error CS0037: Cannot convert null to 'ArrayOf<string>' because it is a non-nullable value type [C:\Users\roman\source\repos\UA-.NETStandard-Samples\Samples\ClientControls.Net4\UA Client Controls.csproj]
C:\Users\roman\source\repos\UA-.NETStandard-Samples\Samples\ClientControls.Net4\Common\EditArrayDlg.cs(105,38): error CS0453: The type 'object' must be a non-nullable value type in order to use it as parameter 'T' in the generic type or method 'Variant.From<T>(T)' [C:\Users\roman\source\repos\UA-.NETStandard-Samples\Samples\ClientControls.Net4\UA Client Controls.csproj]
C:\Users\roman\source\repos\UA-.NETStandard-Samples\Samples\ClientControls.Net4\Common\EditArrayDlg.cs(127,48): error CS1501: No overload for method 'Cast' takes 2 arguments [C:\Users\roman\source\repos\UA-.NETStandard-Samples\Samples\ClientControls.Net4\UA Client Controls.csproj]
C:\Users\roman\source\repos\UA-.NETStandard-Samples\Samples\ClientControls.Net4\Common\EditArrayDlg.cs(153,44): error CS1501: No overload for method 'Cast' takes 2 arguments [C:\Users\roman\source\repos\UA-.NETStandard-Samples\Samples\ClientControls.Net4\UA Client Controls.csproj]
C:\Users\roman\source\repos\UA-.NETStandard-Samples\Samples\ClientControls.Net4\Common\EditArrayDlg.cs(203,38): error CS0453: The type 'object' must be a non-nullable value type in order to use it as parameter 'T' in the generic type or method 'Variant.From<T>(T)' [C:\Users\roman\source\repos\UA-.NETStandard-Samples\Samples\ClientControls.Net4\UA Client Controls.csproj]
C:\Users\roman\source\repos\UA-.NETStandard-Samples\Samples\ClientControls.Net4\Common\EditDataValueCtrl.cs(108,13): error CS0200: Property or indexer 'DataValue.WrappedValue' cannot be assigned to -- it is read only [C:\Users\roman\source\repos\UA-.NETStandard-Samples\Samples\ClientControls.Net4\UA Client Controls.csproj]
C:\Users\roman\source\repos\UA-.NETStandard-Samples\Samples\ClientControls.Net4\Common\EditDataValueCtrl.cs(112,17): error CS0200: Property or indexer 'DataValue.StatusCode' cannot be assigned to -- it is read only [C:\Users\roman\source\repos\UA-.NETStandard-Samples\Samples\ClientControls.Net4\UA Client Controls.csproj]
C:\Users\roman\source\repos\UA-.NETStandard-Samples\Samples\ClientControls.Net4\Common\EditDataValueCtrl.cs(113,17): error CS0200: Property or indexer 'DataValue.SourceTimestamp' cannot be assigned to -- it is read only [C:\Users\roman\source\repos\UA-.NETStandard-Samples\Samples\ClientControls.Net4\UA Client Controls.csproj]
C:\Users\roman\source\repos\UA-.NETStandard-Samples\Samples\ClientControls.Net4\Common\EditDataValueCtrl.cs(114,17): error CS0200: Property or indexer 'DataValue.ServerTimestamp' cannot be assigned to -- it is read only [C:\Users\roman\source\repos\UA-.NETStandard-Samples\Samples\ClientControls.Net4\UA Client Controls.csproj]
C:\Users\roman\source\repos\UA-.NETStandard-Samples\Samples\ClientControls.Net4\Common\EditDataValueCtrl.cs(137,35): error CS0266: Cannot implicitly convert type 'Opc.Ua.DateTimeUtc' to 'System.DateTime'. An explicit conversion exists (are you missing a cast?) [C:\Users\roman\source\repos\UA-.NETStandard-Samples\Samples\ClientControls.Net4\UA Client Controls.csproj]
C:\Users\roman\source\repos\UA-.NETStandard-Samples\Samples\ClientControls.Net4\Common\EditDataValueCtrl.cs(138,35): error CS0266: Cannot implicitly convert type 'Opc.Ua.DateTimeUtc' to 'System.DateTime'. An explicit conversion exists (are you missing a cast?) [C:\Users\roman\source\repos\UA-.NETStandard-Samples\Samples\ClientControls.Net4\UA Client Controls.csproj]
C:\Users\roman\source\repos\UA-.NETStandard-Samples\Samples\ClientControls.Net4\Common\EditDataValueCtrl.cs(321,37): error CS1501: No overload for method 'Cast' takes 3 arguments [C:\Users\roman\source\repos\UA-.NETStandard-Samples\Samples\ClientControls.Net4\UA Client Controls.csproj]
C:\Users\roman\source\repos\UA-.NETStandard-Samples\Samples\ClientControls.Net4\Common\EditDataValueCtrl.cs(358,45): error CS1501: No overload for method 'Cast' takes 3 arguments [C:\Users\roman\source\repos\UA-.NETStandard-Samples\Samples\ClientControls.Net4\UA Client Controls.csproj]
C:\Users\roman\source\repos\UA-.NETStandard-Samples\Samples\ClientControls.Net4\Common\EditDataValueCtrl.cs(73,51): error CS1503: Argument 1: cannot convert from 'Opc.Ua.StatusCode' to 'uint' [C:\Users\roman\source\repos\UA-.NETStandard-Samples\Samples\ClientControls.Net4\UA Client Controls.csproj]
C:\Users\roman\source\repos\UA-.NETStandard-Samples\Samples\ClientControls.Net4\Common\EditDataValueCtrl.cs(74,51): error CS1503: Argument 1: cannot convert from 'Opc.Ua.StatusCode' to 'uint' [C:\Users\roman\source\repos\UA-.NETStandard-Samples\Samples\ClientControls.Net4\UA Client Controls.csproj]
C:\Users\roman\source\repos\UA-.NETStandard-Samples\Samples\ClientControls.Net4\Common\EditDataValueCtrl.cs(75,51): error CS1503: Argument 1: cannot convert from 'Opc.Ua.StatusCode' to 'uint' [C:\Users\roman\source\repos\UA-.NETStandard-Samples\Samples\ClientControls.Net4\UA Client Controls.csproj]
C:\Users\roman\source\repos\UA-.NETStandard-Samples\Samples\ClientControls.Net4\Common\EditDataValueCtrl.cs(76,51): error CS1503: Argument 1: cannot convert from 'Opc.Ua.StatusCode' to 'uint' [C:\Users\roman\source\repos\UA-.NETStandard-Samples\Samples\ClientControls.Net4\UA Client Controls.csproj]
C:\Users\roman\source\repos\UA-.NETStandard-Samples\Samples\ClientControls.Net4\Common\EditDataValueCtrl.cs(77,51): error CS1503: Argument 1: cannot convert from 'Opc.Ua.StatusCode' to 'uint' [C:\Users\roman\source\repos\UA-.NETStandard-Samples\Samples\ClientControls.Net4\UA Client Controls.csproj]
C:\Users\roman\source\repos\UA-.NETStandard-Samples\Samples\ClientControls.Net4\Common\EditDataValueCtrl.cs(78,51): error CS1503: Argument 1: cannot convert from 'Opc.Ua.StatusCode' to 'uint' [C:\Users\roman\source\repos\UA-.NETStandard-Samples\Samples\ClientControls.Net4\UA Client Controls.csproj]
C:\Users\roman\source\repos\UA-.NETStandard-Samples\Samples\ClientControls.Net4\Common\EditDataValueDlg.cs(103,24): error CS0037: Cannot convert null to 'DataValue' because it is a non-nullable value type [C:\Users\roman\source\repos\UA-.NETStandard-Samples\Samples\ClientControls.Net4\UA Client Controls.csproj]
C:\Users\roman\source\repos\UA-.NETStandard-Samples\Samples\ClientControls.Net4\Common\EditValueCtrl.cs(123,48): error CS1501: No overload for method 'Cast' takes 3 arguments [C:\Users\roman\source\repos\UA-.NETStandard-Samples\Samples\ClientControls.Net4\UA Client Controls.csproj]
C:\Users\roman\source\repos\UA-.NETStandard-Samples\Samples\ClientControls.Net4\Common\EditValueCtrl.cs(142,45): error CS1501: No overload for method 'Cast' takes 3 arguments [C:\Users\roman\source\repos\UA-.NETStandard-Samples\Samples\ClientControls.Net4\UA Client Controls.csproj]
C:\Users\roman\source\repos\UA-.NETStandard-Samples\Samples\ClientControls.Net4\Common\EditValueCtrl.cs(91,41): error CS1501: No overload for method 'Cast' takes 3 arguments [C:\Users\roman\source\repos\UA-.NETStandard-Samples\Samples\ClientControls.Net4\UA Client Controls.csproj]
C:\Users\roman\source\repos\UA-.NETStandard-Samples\Samples\ClientControls.Net4\Common\EventListView.cs(293,73): error CS1503: Argument 2: cannot convert from 'Opc.Ua.ArrayOf<Opc.Ua.Variant>' to 'System.Collections.Generic.List<Opc.Ua.Variant>' [C:\Users\roman\source\repos\UA-.NETStandard-Samples\Samples\ClientControls.Net4\UA Client Controls.csproj]
C:\Users\roman\source\repos\UA-.NETStandard-Samples\Samples\ClientControls.Net4\Common\EventListView.cs(386,38): error CS0077: The as operator must be used with a reference type or nullable type ('NodeId' is a non-nullable value type) [C:\Users\roman\source\repos\UA-.NETStandard-Samples\Samples\ClientControls.Net4\UA Client Controls.csproj]
C:\Users\roman\source\repos\UA-.NETStandard-Samples\Samples\ClientControls.Net4\Common\EventListView.cs(518,124): error CS1503: Argument 3: cannot convert from '<null>' to 'Opc.Ua.NodeId' [C:\Users\roman\source\repos\UA-.NETStandard-Samples\Samples\ClientControls.Net4\UA Client Controls.csproj]
C:\Users\roman\source\repos\UA-.NETStandard-Samples\Samples\ClientControls.Net4\Common\EventListView.cs(518,68): error CS1503: Argument 1: cannot convert from 'string' to 'Opc.Ua.QualifiedName' [C:\Users\roman\source\repos\UA-.NETStandard-Samples\Samples\ClientControls.Net4\UA Client Controls.csproj]
C:\Users\roman\source\repos\UA-.NETStandard-Samples\Samples\ClientControls.Net4\Common\EventListView.cs(518,98): error CS1503: Argument 2: cannot convert from 'Opc.Ua.ArrayOf<Opc.Ua.Variant>' to 'System.Collections.Generic.List<Opc.Ua.Variant>' [C:\Users\roman\source\repos\UA-.NETStandard-Samples\Samples\ClientControls.Net4\UA Client Controls.csproj]
C:\Users\roman\source\repos\UA-.NETStandard-Samples\Samples\ClientControls.Net4\Common\EventListView.cs(532,73): error CS1503: Argument 2: cannot convert from 'Opc.Ua.ArrayOf<Opc.Ua.Variant>' to 'System.Collections.Generic.List<Opc.Ua.Variant>' [C:\Users\roman\source\repos\UA-.NETStandard-Samples\Samples\ClientControls.Net4\UA Client Controls.csproj]
C:\Users\roman\source\repos\UA-.NETStandard-Samples\Samples\ClientControls.Net4\Common\EventListView.cs(567,57): error CS1061: 'DateTimeUtc' does not contain a definition for 'AddHours' and no accessible extension method 'AddHours' accepting a first argument of type 'DateTimeUtc' could be found (are you missing a using directive or an assembly reference?) [C:\Users\roman\source\repos\UA-.NETStandard-Samples\Samples\ClientControls.Net4\UA Client Controls.csproj]
C:\Users\roman\source\repos\UA-.NETStandard-Samples\Samples\ClientControls.Net4\Common\EventListView.cs(595,51): error CS0029: Cannot implicitly convert type 'Opc.Ua.ArrayOf<Opc.Ua.HistoryReadResult>' to 'Opc.Ua.HistoryReadResultCollection' [C:\Users\roman\source\repos\UA-.NETStandard-Samples\Samples\ClientControls.Net4\UA Client Controls.csproj]
C:\Users\roman\source\repos\UA-.NETStandard-Samples\Samples\ClientControls.Net4\Common\EventListView.cs(596,52): error CS0029: Cannot implicitly convert type 'Opc.Ua.ArrayOf<Opc.Ua.DiagnosticInfo>' to 'System.Collections.Generic.List<Opc.Ua.DiagnosticInfo>' [C:\Users\roman\source\repos\UA-.NETStandard-Samples\Samples\ClientControls.Net4\UA Client Controls.csproj]
C:\Users\roman\source\repos\UA-.NETStandard-Samples\Samples\ClientControls.Net4\Common\EventListView.cs(622,27): error CS0029: Cannot implicitly convert type 'Opc.Ua.ArrayOf<Opc.Ua.HistoryReadResult>' to 'Opc.Ua.HistoryReadResultCollection' [C:\Users\roman\source\repos\UA-.NETStandard-Samples\Samples\ClientControls.Net4\UA Client Controls.csproj]
C:\Users\roman\source\repos\UA-.NETStandard-Samples\Samples\ClientControls.Net4\Common\EventListView.cs(623,35): error CS0029: Cannot implicitly convert type 'Opc.Ua.ArrayOf<Opc.Ua.DiagnosticInfo>' to 'System.Collections.Generic.List<Opc.Ua.DiagnosticInfo>' [C:\Users\roman\source\repos\UA-.NETStandard-Samples\Samples\ClientControls.Net4\UA Client Controls.csproj]
C:\Users\roman\source\repos\UA-.NETStandard-Samples\Samples\ClientControls.Net4\Common\EventListView.cs(664,34): error CS1061: 'ArrayOf<ByteString>' does not contain a definition for 'Add' and no accessible extension method 'Add' accepting a first argument of type 'ArrayOf<ByteString>' could be found (are you missing a using directive or an assembly reference?) [C:\Users\roman\source\repos\UA-.NETStandard-Samples\Samples\ClientControls.Net4\UA Client Controls.csproj]
C:\Users\roman\source\repos\UA-.NETStandard-Samples\Samples\ClientControls.Net4\Common\EventListView.cs(676,53): error CS0029: Cannot implicitly convert type 'Opc.Ua.ArrayOf<Opc.Ua.HistoryUpdateResult>' to 'Opc.Ua.HistoryUpdateResultCollection' [C:\Users\roman\source\repos\UA-.NETStandard-Samples\Samples\ClientControls.Net4\UA Client Controls.csproj]
C:\Users\roman\source\repos\UA-.NETStandard-Samples\Samples\ClientControls.Net4\Common\EventListView.cs(677,52): error CS0029: Cannot implicitly convert type 'Opc.Ua.ArrayOf<Opc.Ua.DiagnosticInfo>' to 'System.Collections.Generic.List<Opc.Ua.DiagnosticInfo>' [C:\Users\roman\source\repos\UA-.NETStandard-Samples\Samples\ClientControls.Net4\UA Client Controls.csproj]
C:\Users\roman\source\repos\UA-.NETStandard-Samples\Samples\ClientControls.Net4\Common\FilterDeclaration.cs(404,50): error CS0266: Cannot implicitly convert type 'uint' to 'Opc.Ua.NodeId'. An explicit conversion exists (are you missing a cast?) [C:\Users\roman\source\repos\UA-.NETStandard-Samples\Samples\ClientControls.Net4\UA Client Controls.csproj]
C:\Users\roman\source\repos\UA-.NETStandard-Samples\Samples\ClientControls.Net4\Common\FilterDeclaration.cs(468,102): error CS1503: Argument 3: cannot convert from 'Opc.Ua.LiteralOperand' to 'Opc.Ua.Variant' [C:\Users\roman\source\repos\UA-.NETStandard-Samples\Samples\ClientControls.Net4\UA Client Controls.csproj]
C:\Users\roman\source\repos\UA-.NETStandard-Samples\Samples\ClientControls.Net4\Common\FilterDeclaration.cs(468,92): error CS1503: Argument 2: cannot convert from 'Opc.Ua.SimpleAttributeOperand' to 'Opc.Ua.Variant' [C:\Users\roman\source\repos\UA-.NETStandard-Samples\Samples\ClientControls.Net4\UA Client Controls.csproj]
C:\Users\roman\source\repos\UA-.NETStandard-Samples\Samples\ClientControls.Net4\Common\FilterDeclaration.cs(469,69): error CS1503: Argument 2: cannot convert from 'Opc.Ua.ContentFilterElement' to 'Opc.Ua.Variant' [C:\Users\roman\source\repos\UA-.NETStandard-Samples\Samples\ClientControls.Net4\UA Client Controls.csproj]
C:\Users\roman\source\repos\UA-.NETStandard-Samples\Samples\ClientControls.Net4\Common\FilterDeclaration.cs(469,79): error CS1503: Argument 3: cannot convert from 'Opc.Ua.ContentFilterElement' to 'Opc.Ua.Variant' [C:\Users\roman\source\repos\UA-.NETStandard-Samples\Samples\ClientControls.Net4\UA Client Controls.csproj]
C:\Users\roman\source\repos\UA-.NETStandard-Samples\Samples\ClientControls.Net4\Common\ReferenceListCtrl.cs(204,57): error CS0266: Cannot implicitly convert type 'System.Collections.Generic.List<Opc.Ua.ReferenceDescription>' to 'Opc.Ua.ReferenceDescriptionCollection'. An explicit conversion exists (are you missing a cast?) [C:\Users\roman\source\repos\UA-.NETStandard-Samples\Samples\ClientControls.Net4\UA Client Controls.csproj]
C:\Users\roman\source\repos\UA-.NETStandard-Samples\Samples\ClientControls.Net4\Configuration\CertificateDlg.cs(73,76): error CS7036: There is no argument given that corresponds to the required parameter 'nodeIds' of 'NodeCacheExtensions.FindAsync(INodeCache, ArrayOf<ExpandedNodeId>, CancellationToken)' [C:\Users\roman\source\repos\UA-.NETStandard-Samples\Samples\ClientControls.Net4\UA Client Controls.csproj]
C:\Users\roman\source\repos\UA-.NETStandard-Samples\Samples\ClientControls.Net4\Configuration\CertificateDlg.cs(78,50): error CS1929: 'CertificateIdentifier' does not contain a definition for 'FindAsync' and the best extension method overload 'NodeCacheExtensions.FindAsync(INodeCache, ArrayOf<ExpandedNodeId>, CancellationToken)' requires a receiver of type 'Opc.Ua.Client.INodeCache' [C:\Users\roman\source\repos\UA-.NETStandard-Samples\Samples\ClientControls.Net4\UA Client Controls.csproj]
C:\Users\roman\source\repos\UA-.NETStandard-Samples\Samples\ClientControls.Net4\Configuration\CertificateListCtrl.cs(233,71): error CS0029: Cannot implicitly convert type 'Opc.Ua.Security.Certificates.CertificateCollection' to 'System.Security.Cryptography.X509Certificates.X509Certificate2Collection' [C:\Users\roman\source\repos\UA-.NETStandard-Samples\Samples\ClientControls.Net4\UA Client Controls.csproj]
C:\Users\roman\source\repos\UA-.NETStandard-Samples\Samples\ClientControls.Net4\Configuration\CertificateListCtrl.cs(247,67): error CS0029: Cannot implicitly convert type 'Opc.Ua.Security.Certificates.CertificateCollection' to 'System.Security.Cryptography.X509Certificates.X509Certificate2Collection' [C:\Users\roman\source\repos\UA-.NETStandard-Samples\Samples\ClientControls.Net4\UA Client Controls.csproj]
C:\Users\roman\source\repos\UA-.NETStandard-Samples\Samples\ClientControls.Net4\Configuration\CertificateListCtrl.cs(358,77): error CS1503: Argument 1: cannot convert from 'System.Security.Cryptography.X509Certificates.X509Certificate2' to 'Opc.Ua.Security.Certificates.Certificate' [C:\Users\roman\source\repos\UA-.NETStandard-Samples\Samples\ClientControls.Net4\UA Client Controls.csproj]
C:\Users\roman\source\repos\UA-.NETStandard-Samples\Samples\ClientControls.Net4\Configuration\CertificateListCtrl.cs(373,89): error CS1503: Argument 1: cannot convert from 'System.Security.Cryptography.X509Certificates.X509Certificate2' to 'Opc.Ua.Security.Certificates.Certificate' [C:\Users\roman\source\repos\UA-.NETStandard-Samples\Samples\ClientControls.Net4\UA Client Controls.csproj]
C:\Users\roman\source\repos\UA-.NETStandard-Samples\Samples\ClientControls.Net4\Configuration\CertificateListCtrl.cs(416,21): error CS0200: Property or indexer 'CertificateIdentifierShim.extension(CertificateIdentifier).Certificate' cannot be assigned to -- it is read only [C:\Users\roman\source\repos\UA-.NETStandard-Samples\Samples\ClientControls.Net4\UA Client Controls.csproj]
C:\Users\roman\source\repos\UA-.NETStandard-Samples\Samples\ClientControls.Net4\Configuration\CertificateListCtrl.cs(466,67): error CS0029: Cannot implicitly convert type 'Opc.Ua.Security.Certificates.CertificateCollection' to 'System.Security.Cryptography.X509Certificates.X509Certificate2Collection' [C:\Users\roman\source\repos\UA-.NETStandard-Samples\Samples\ClientControls.Net4\UA Client Controls.csproj]
C:\Users\roman\source\repos\UA-.NETStandard-Samples\Samples\ClientControls.Net4\Configuration\CertificateListCtrl.cs(530,21): error CS0200: Property or indexer 'CertificateIdentifierShim.extension(CertificateIdentifier).Certificate' cannot be assigned to -- it is read only [C:\Users\roman\source\repos\UA-.NETStandard-Samples\Samples\ClientControls.Net4\UA Client Controls.csproj]
C:\Users\roman\source\repos\UA-.NETStandard-Samples\Samples\ClientControls.Net4\Configuration\CertificateListCtrl.cs(570,40): error CS1503: Argument 1: cannot convert from 'System.Security.Cryptography.X509Certificates.X509Certificate2' to 'Opc.Ua.Security.Certificates.Certificate' [C:\Users\roman\source\repos\UA-.NETStandard-Samples\Samples\ClientControls.Net4\UA Client Controls.csproj]
C:\Users\roman\source\repos\UA-.NETStandard-Samples\Samples\ClientControls.Net4\Configuration\CertificateListDlg.cs(85,13): error CS0200: Property or indexer 'CertificateIdentifierShim.extension(CertificateIdentifier).Certificate' cannot be assigned to -- it is read only [C:\Users\roman\source\repos\UA-.NETStandard-Samples\Samples\ClientControls.Net4\UA Client Controls.csproj]
C:\Users\roman\source\repos\UA-.NETStandard-Samples\Samples\ClientControls.Net4\Configuration\CertificateListFilter.cs(128,81): error CS1503: Argument 1: cannot convert from 'System.Security.Cryptography.X509Certificates.X509Certificate2' to 'Opc.Ua.Security.Certificates.Certificate' [C:\Users\roman\source\repos\UA-.NETStandard-Samples\Samples\ClientControls.Net4\UA Client Controls.csproj]
C:\Users\roman\source\repos\UA-.NETStandard-Samples\Samples\ClientControls.Net4\Configuration\CertificateListFilter.cs(159,66): error CS1503: Argument 1: cannot convert from 'System.Security.Cryptography.X509Certificates.X509Certificate2' to 'Opc.Ua.Security.Certificates.Certificate' [C:\Users\roman\source\repos\UA-.NETStandard-Samples\Samples\ClientControls.Net4\UA Client Controls.csproj]
C:\Users\roman\source\repos\UA-.NETStandard-Samples\Samples\ClientControls.Net4\Configuration\CertificateStoreTreeCtrl.cs(321,48): error CS1503: Argument 1: cannot convert from 'System.Security.Cryptography.X509Certificates.X509Certificate2' to 'Opc.Ua.Security.Certificates.Certificate' [C:\Users\roman\source\repos\UA-.NETStandard-Samples\Samples\ClientControls.Net4\UA Client Controls.csproj]
C:\Users\roman\source\repos\UA-.NETStandard-Samples\Samples\ClientControls.Net4\Configuration\CertificateStoreTreeCtrl.cs(488,44): error CS1503: Argument 1: cannot convert from 'System.Security.Cryptography.X509Certificates.X509Certificate2' to 'Opc.Ua.Security.Certificates.Certificate' [C:\Users\roman\source\repos\UA-.NETStandard-Samples\Samples\ClientControls.Net4\UA Client Controls.csproj]
C:\Users\roman\source\repos\UA-.NETStandard-Samples\Samples\ClientControls.Net4\Configuration\Common (OLD)\ComplexValueEditDlg.cs(80,29): error CS0117: 'Utils' does not contain a definition for 'Clone' [C:\Users\roman\source\repos\UA-.NETStandard-Samples\Samples\ClientControls.Net4\UA Client Controls.csproj]
C:\Users\roman\source\repos\UA-.NETStandard-Samples\Samples\ClientControls.Net4\Configuration\Common (OLD)\DataListCtrl.cs(1291,84): error CS0117: 'NumericRange' does not contain a definition for 'Empty' [C:\Users\roman\source\repos\UA-.NETStandard-Samples\Samples\ClientControls.Net4\UA Client Controls.csproj]
C:\Users\roman\source\repos\UA-.NETStandard-Samples\Samples\ClientControls.Net4\Configuration\Common (OLD)\DataListCtrl.cs(1320,41): error CS0077: The as operator must be used with a reference type or nullable type ('ExtensionObject' is a non-nullable value type) [C:\Users\roman\source\repos\UA-.NETStandard-Samples\Samples\ClientControls.Net4\UA Client Controls.csproj]
C:\Users\roman\source\repos\UA-.NETStandard-Samples\Samples\ClientControls.Net4\Configuration\Common (OLD)\DataListCtrl.cs(1398,30): error CS0077: The as operator must be used with a reference type or nullable type ('XmlElement' is a non-nullable value type) [C:\Users\roman\source\repos\UA-.NETStandard-Samples\Samples\ClientControls.Net4\UA Client Controls.csproj]
C:\Users\roman\source\repos\UA-.NETStandard-Samples\Samples\ClientControls.Net4\Configuration\Common (OLD)\DataListCtrl.cs(1400,21): error CS9342: Operator resolution is ambiguous between the following members: 'XmlElement.operator !=(XmlElement, string?)' and 'XmlElement.operator !=(XmlElement, XmlElement?)' [C:\Users\roman\source\repos\UA-.NETStandard-Samples\Samples\ClientControls.Net4\UA Client Controls.csproj]
C:\Users\roman\source\repos\UA-.NETStandard-Samples\Samples\ClientControls.Net4\Configuration\Common (OLD)\DataListCtrl.cs(1402,42): error CS1061: 'XmlElement' does not contain a definition for 'ChildNodes' and no accessible extension method 'ChildNodes' accepting a first argument of type 'XmlElement' could be found (are you missing a using directive or an assembly reference?) [C:\Users\roman\source\repos\UA-.NETStandard-Samples\Samples\ClientControls.Net4\UA Client Controls.csproj]
C:\Users\roman\source\repos\UA-.NETStandard-Samples\Samples\ClientControls.Net4\Configuration\Common (OLD)\DataListCtrl.cs(1404,47): error CS1061: 'XmlElement' does not contain a definition for 'ChildNodes' and no accessible extension method 'ChildNodes' accepting a first argument of type 'XmlElement' could be found (are you missing a using directive or an assembly reference?) [C:\Users\roman\source\repos\UA-.NETStandard-Samples\Samples\ClientControls.Net4\UA Client Controls.csproj]
C:\Users\roman\source\repos\UA-.NETStandard-Samples\Samples\ClientControls.Net4\Configuration\Common (OLD)\DataListCtrl.cs(1413,35): error CS0077: The as operator must be used with a reference type or nullable type ('DataValue' is a non-nullable value type) [C:\Users\roman\source\repos\UA-.NETStandard-Samples\Samples\ClientControls.Net4\UA Client Controls.csproj]
C:\Users\roman\source\repos\UA-.NETStandard-Samples\Samples\ClientControls.Net4\Configuration\Common (OLD)\DataListCtrl.cs(1424,29): error CS0077: The as operator must be used with a reference type or nullable type ('NodeId' is a non-nullable value type) [C:\Users\roman\source\repos\UA-.NETStandard-Samples\Samples\ClientControls.Net4\UA Client Controls.csproj]
C:\Users\roman\source\repos\UA-.NETStandard-Samples\Samples\ClientControls.Net4\Configuration\Common (OLD)\DataListCtrl.cs(1434,45): error CS0077: The as operator must be used with a reference type or nullable type ('ExpandedNodeId' is a non-nullable value type) [C:\Users\roman\source\repos\UA-.NETStandard-Samples\Samples\ClientControls.Net4\UA Client Controls.csproj]
C:\Users\roman\source\repos\UA-.NETStandard-Samples\Samples\ClientControls.Net4\Configuration\Common (OLD)\DataListCtrl.cs(1445,43): error CS0077: The as operator must be used with a reference type or nullable type ('QualifiedName' is a non-nullable value type) [C:\Users\roman\source\repos\UA-.NETStandard-Samples\Samples\ClientControls.Net4\UA Client Controls.csproj]
C:\Users\roman\source\repos\UA-.NETStandard-Samples\Samples\ClientControls.Net4\Configuration\Common (OLD)\DataListCtrl.cs(1454,43): error CS0077: The as operator must be used with a reference type or nullable type ('LocalizedText' is a non-nullable value type) [C:\Users\roman\source\repos\UA-.NETStandard-Samples\Samples\ClientControls.Net4\UA Client Controls.csproj]
C:\Users\roman\source\repos\UA-.NETStandard-Samples\Samples\ClientControls.Net4\Configuration\Common (OLD)\DataListCtrl.cs(1589,84): error CS1061: 'LocalizedText' does not contain a definition for 'Key' and no accessible extension method 'Key' accepting a first argument of type 'LocalizedText' could be found (are you missing a using directive or an assembly reference?) [C:\Users\roman\source\repos\UA-.NETStandard-Samples\Samples\ClientControls.Net4\UA Client Controls.csproj]
C:\Users\roman\source\repos\UA-.NETStandard-Samples\Samples\ClientControls.Net4\Configuration\Common (OLD)\DataListCtrl.cs(1621,39): error CS0077: The as operator must be used with a reference type or nullable type ('DataValue' is a non-nullable value type) [C:\Users\roman\source\repos\UA-.NETStandard-Samples\Samples\ClientControls.Net4\UA Client Controls.csproj]
C:\Users\roman\source\repos\UA-.NETStandard-Samples\Samples\ClientControls.Net4\Configuration\Common (OLD)\DataListCtrl.cs(1629,35): error CS0200: Property or indexer 'DataValue.Value' cannot be assigned to -- it is read only [C:\Users\roman\source\repos\UA-.NETStandard-Samples\Samples\ClientControls.Net4\UA Client Controls.csproj]
C:\Users\roman\source\repos\UA-.NETStandard-Samples\Samples\ClientControls.Net4\Configuration\Common (OLD)\DataListCtrl.cs(360,30): error CS0077: The as operator must be used with a reference type or nullable type ('XmlElement' is a non-nullable value type) [C:\Users\roman\source\repos\UA-.NETStandard-Samples\Samples\ClientControls.Net4\UA Client Controls.csproj]
C:\Users\roman\source\repos\UA-.NETStandard-Samples\Samples\ClientControls.Net4\Configuration\Common (OLD)\DataListCtrl.cs(362,21): error CS9342: Operator resolution is ambiguous between the following members: 'XmlElement.operator !=(XmlElement, string?)' and 'XmlElement.operator !=(XmlElement, XmlElement?)' [C:\Users\roman\source\repos\UA-.NETStandard-Samples\Samples\ClientControls.Net4\UA Client Controls.csproj]
C:\Users\roman\source\repos\UA-.NETStandard-Samples\Samples\ClientControls.Net4\Configuration\Common (OLD)\DataListCtrl.cs(364,25): error CS1061: 'XmlElement' does not contain a definition for 'ChildNodes' and no accessible extension method 'ChildNodes' accepting a first argument of type 'XmlElement' could be found (are you missing a using directive or an assembly reference?) [C:\Users\roman\source\repos\UA-.NETStandard-Samples\Samples\ClientControls.Net4\UA Client Controls.csproj]
C:\Users\roman\source\repos\UA-.NETStandard-Samples\Samples\ClientControls.Net4\Configuration\Common (OLD)\DataListCtrl.cs(364,54): error CS1061: 'XmlElement' does not contain a definition for 'ChildNodes' and no accessible extension method 'ChildNodes' accepting a first argument of type 'XmlElement' could be found (are you missing a using directive or an assembly reference?) [C:\Users\roman\source\repos\UA-.NETStandard-Samples\Samples\ClientControls.Net4\UA Client Controls.csproj]
C:\Users\roman\source\repos\UA-.NETStandard-Samples\Samples\ClientControls.Net4\Configuration\Common (OLD)\DataListCtrl.cs(369,28): error CS1061: 'XmlElement' does not contain a definition for 'HasChildNodes' and no accessible extension method 'HasChildNodes' accepting a first argument of type 'XmlElement' could be found (are you missing a using directive or an assembly reference?) [C:\Users\roman\source\repos\UA-.NETStandard-Samples\Samples\ClientControls.Net4\UA Client Controls.csproj]
C:\Users\roman\source\repos\UA-.NETStandard-Samples\Samples\ClientControls.Net4\Configuration\Common (OLD)\DataListCtrl.cs(407,41): error CS0077: The as operator must be used with a reference type or nullable type ('ExtensionObject' is a non-nullable value type) [C:\Users\roman\source\repos\UA-.NETStandard-Samples\Samples\ClientControls.Net4\UA Client Controls.csproj]
C:\Users\roman\source\repos\UA-.NETStandard-Samples\Samples\ClientControls.Net4\Configuration\Common (OLD)\DataListCtrl.cs(415,35): error CS0077: The as operator must be used with a reference type or nullable type ('DataValue' is a non-nullable value type) [C:\Users\roman\source\repos\UA-.NETStandard-Samples\Samples\ClientControls.Net4\UA Client Controls.csproj]
C:\Users\roman\source\repos\UA-.NETStandard-Samples\Samples\ClientControls.Net4\Configuration\Common (OLD)\DataListCtrl.cs(466,30): error CS0077: The as operator must be used with a reference type or nullable type ('XmlElement' is a non-nullable value type) [C:\Users\roman\source\repos\UA-.NETStandard-Samples\Samples\ClientControls.Net4\UA Client Controls.csproj]
C:\Users\roman\source\repos\UA-.NETStandard-Samples\Samples\ClientControls.Net4\Configuration\Common (OLD)\DataListCtrl.cs(468,21): error CS9342: Operator resolution is ambiguous between the following members: 'XmlElement.operator !=(XmlElement, string?)' and 'XmlElement.operator !=(XmlElement, XmlElement?)' [C:\Users\roman\source\repos\UA-.NETStandard-Samples\Samples\ClientControls.Net4\UA Client Controls.csproj]
C:\Users\roman\source\repos\UA-.NETStandard-Samples\Samples\ClientControls.Net4\Configuration\Common (OLD)\DataListCtrl.cs(539,41): error CS0077: The as operator must be used with a reference type or nullable type ('ExtensionObject' is a non-nullable value type) [C:\Users\roman\source\repos\UA-.NETStandard-Samples\Samples\ClientControls.Net4\UA Client Controls.csproj]
C:\Users\roman\source\repos\UA-.NETStandard-Samples\Samples\ClientControls.Net4\Configuration\Common (OLD)\DataListCtrl.cs(560,35): error CS0077: The as operator must be used with a reference type or nullable type ('DataValue' is a non-nullable value type) [C:\Users\roman\source\repos\UA-.NETStandard-Samples\Samples\ClientControls.Net4\UA Client Controls.csproj]
C:\Users\roman\source\repos\UA-.NETStandard-Samples\Samples\ClientControls.Net4\Configuration\Common (OLD)\DataListCtrl.cs(772,41): error CS0117: 'Utils' does not contain a definition for 'FlattenArray' [C:\Users\roman\source\repos\UA-.NETStandard-Samples\Samples\ClientControls.Net4\UA Client Controls.csproj]
C:\Users\roman\source\repos\UA-.NETStandard-Samples\Samples\ClientControls.Net4\Configuration\Common (OLD)\DataListCtrl.cs(886,38): error CS1061: 'XmlElement' does not contain a definition for 'ChildNodes' and no accessible extension method 'ChildNodes' accepting a first argument of type 'XmlElement' could be found (are you missing a using directive or an assembly reference?) [C:\Users\roman\source\repos\UA-.NETStandard-Samples\Samples\ClientControls.Net4\UA Client Controls.csproj]
C:\Users\roman\source\repos\UA-.NETStandard-Samples\Samples\ClientControls.Net4\Configuration\Common (OLD)\DataListCtrl.cs(888,23): error CS9342: Operator resolution is ambiguous between the following members: 'XmlElement.operator ==(XmlElement, string?)' and 'XmlElement.operator ==(XmlElement, XmlElement?)' [C:\Users\roman\source\repos\UA-.NETStandard-Samples\Samples\ClientControls.Net4\UA Client Controls.csproj]
C:\Users\roman\source\repos\UA-.NETStandard-Samples\Samples\ClientControls.Net4\Configuration\Common (OLD)\DataListCtrl.cs(894,53): error CS1061: 'XmlElement' does not contain a definition for 'Name' and no accessible extension method 'Name' accepting a first argument of type 'XmlElement' could be found (are you missing a using directive or an assembly reference?) [C:\Users\roman\source\repos\UA-.NETStandard-Samples\Samples\ClientControls.Net4\UA Client Controls.csproj]
C:\Users\roman\source\repos\UA-.NETStandard-Samples\Samples\ClientControls.Net4\Configuration\Common (OLD)\DataListCtrl.cs(972,49): error CS0077: The as operator must be used with a reference type or nullable type ('ExtensionObject' is a non-nullable value type) [C:\Users\roman\source\repos\UA-.NETStandard-Samples\Samples\ClientControls.Net4\UA Client Controls.csproj]
C:\Users\roman\source\repos\UA-.NETStandard-Samples\Samples\ClientControls.Net4\Configuration\Common (OLD)\GuiUtils.cs(290,67): error CS1503: Argument 1: cannot convert from 'System.Security.Cryptography.X509Certificates.X509Certificate2' to 'Opc.Ua.Security.Certificates.Certificate' [C:\Users\roman\source\repos\UA-.NETStandard-Samples\Samples\ClientControls.Net4\UA Client Controls.csproj]
C:\Users\roman\source\repos\UA-.NETStandard-Samples\Samples\ClientControls.Net4\Configuration\Common (OLD)\GuiUtils.cs(366,25): error CS0266: Cannot implicitly convert type 'Opc.Ua.IType' to 'System.Type'. An explicit conversion exists (are you missing a cast?) [C:\Users\roman\source\repos\UA-.NETStandard-Samples\Samples\ClientControls.Net4\UA Client Controls.csproj]
C:\Users\roman\source\repos\UA-.NETStandard-Samples\Samples\ClientControls.Net4\Configuration\Common (OLD)\GuiUtils.cs(433,50): error CS1503: Argument 3: cannot convert from 'uint' to 'Opc.Ua.NodeId' [C:\Users\roman\source\repos\UA-.NETStandard-Samples\Samples\ClientControls.Net4\UA Client Controls.csproj]
C:\Users\roman\source\repos\UA-.NETStandard-Samples\Samples\ClientControls.Net4\Configuration\Common (OLD)\GuiUtils.cs(474,108): error CS1503: Argument 2: cannot convert from 'int' to 'Opc.Ua.IEncodeableTypeLookup' [C:\Users\roman\source\repos\UA-.NETStandard-Samples\Samples\ClientControls.Net4\UA Client Controls.csproj]
C:\Users\roman\source\repos\UA-.NETStandard-Samples\Samples\ClientControls.Net4\Configuration\Common (OLD)\GuiUtils.cs(474,95): error CS1503: Argument 1: cannot convert from 'Opc.Ua.BuiltInType' to 'Opc.Ua.ExpandedNodeId' [C:\Users\roman\source\repos\UA-.NETStandard-Samples\Samples\ClientControls.Net4\UA Client Controls.csproj]
C:\Users\roman\source\repos\UA-.NETStandard-Samples\Samples\ClientControls.Net4\Configuration\Common (OLD)\GuiUtils.cs(481,115): error CS1503: Argument 2: cannot convert from 'int' to 'Opc.Ua.IEncodeableTypeLookup' [C:\Users\roman\source\repos\UA-.NETStandard-Samples\Samples\ClientControls.Net4\UA Client Controls.csproj]
C:\Users\roman\source\repos\UA-.NETStandard-Samples\Samples\ClientControls.Net4\Configuration\Common (OLD)\GuiUtils.cs(481,95): error CS1503: Argument 1: cannot convert from 'Opc.Ua.BuiltInType' to 'Opc.Ua.ExpandedNodeId' [C:\Users\roman\source\repos\UA-.NETStandard-Samples\Samples\ClientControls.Net4\UA Client Controls.csproj]
C:\Users\roman\source\repos\UA-.NETStandard-Samples\Samples\ClientControls.Net4\Configuration\Common (OLD)\GuiUtils.cs(488,114): error CS1503: Argument 2: cannot convert from 'int' to 'Opc.Ua.IEncodeableTypeLookup' [C:\Users\roman\source\repos\UA-.NETStandard-Samples\Samples\ClientControls.Net4\UA Client Controls.csproj]
C:\Users\roman\source\repos\UA-.NETStandard-Samples\Samples\ClientControls.Net4\Configuration\Common (OLD)\GuiUtils.cs(488,95): error CS1503: Argument 1: cannot convert from 'Opc.Ua.BuiltInType' to 'Opc.Ua.ExpandedNodeId' [C:\Users\roman\source\repos\UA-.NETStandard-Samples\Samples\ClientControls.Net4\UA Client Controls.csproj]
C:\Users\roman\source\repos\UA-.NETStandard-Samples\Samples\ClientControls.Net4\Configuration\Common (OLD)\GuiUtils.cs(495,115): error CS1503: Argument 2: cannot convert from 'int' to 'Opc.Ua.IEncodeableTypeLookup' [C:\Users\roman\source\repos\UA-.NETStandard-Samples\Samples\ClientControls.Net4\UA Client Controls.csproj]
C:\Users\roman\source\repos\UA-.NETStandard-Samples\Samples\ClientControls.Net4\Configuration\Common (OLD)\GuiUtils.cs(495,95): error CS1503: Argument 1: cannot convert from 'Opc.Ua.BuiltInType' to 'Opc.Ua.ExpandedNodeId' [C:\Users\roman\source\repos\UA-.NETStandard-Samples\Samples\ClientControls.Net4\UA Client Controls.csproj]
C:\Users\roman\source\repos\UA-.NETStandard-Samples\Samples\ClientControls.Net4\Configuration\Common (OLD)\ReferenceTypeCtrl.cs(103,28): error CS0037: Cannot convert null to 'NodeId' because it is a non-nullable value type [C:\Users\roman\source\repos\UA-.NETStandard-Samples\Samples\ClientControls.Net4\UA Client Controls.csproj]
C:\Users\roman\source\repos\UA-.NETStandard-Samples\Samples\ClientControls.Net4\Configuration\Common (OLD)\ReferenceTypeCtrl.cs(244,41): error CS0029: Cannot implicitly convert type 'Opc.Ua.ArrayOf<Opc.Ua.INode>' to 'System.Collections.Generic.IList<Opc.Ua.INode>' [C:\Users\roman\source\repos\UA-.NETStandard-Samples\Samples\ClientControls.Net4\UA Client Controls.csproj]
C:\Users\roman\source\repos\UA-.NETStandard-Samples\Samples\ClientControls.Net4\Configuration\ViewCertificateDlg.cs(145,89): error CS1503: Argument 1: cannot convert from 'System.Security.Cryptography.X509Certificates.X509Certificate2' to 'Opc.Ua.Security.Certificates.Certificate' [C:\Users\roman\source\repos\UA-.NETStandard-Samples\Samples\ClientControls.Net4\UA Client Controls.csproj]
C:\Users\roman\source\repos\UA-.NETStandard-Samples\Samples\ClientControls.Net4\Configuration\ViewCertificateDlg.cs(155,83): error CS1503: Argument 1: cannot convert from 'System.Security.Cryptography.X509Certificates.X509Certificate2' to 'Opc.Ua.Security.Certificates.Certificate' [C:\Users\roman\source\repos\UA-.NETStandard-Samples\Samples\ClientControls.Net4\UA Client Controls.csproj]
C:\Users\roman\source\repos\UA-.NETStandard-Samples\Samples\ClientControls.Net4\Configuration\ViewCertificateDlg.cs(228,68): error CS7036: There is no argument given that corresponds to the required parameter 'nodeIds' of 'NodeCacheExtensions.FindAsync(INodeCache, ArrayOf<ExpandedNodeId>, CancellationToken)' [C:\Users\roman\source\repos\UA-.NETStandard-Samples\Samples\ClientControls.Net4\UA Client Controls.csproj]
C:\Users\roman\source\repos\UA-.NETStandard-Samples\Samples\ClientControls.Net4\Configuration\ViewCertificateDlg.cs(93,59): error CS7036: There is no argument given that corresponds to the required parameter 'nodeIds' of 'NodeCacheExtensions.FindAsync(INodeCache, ArrayOf<ExpandedNodeId>, CancellationToken)' [C:\Users\roman\source\repos\UA-.NETStandard-Samples\Samples\ClientControls.Net4\UA Client Controls.csproj]
C:\Users\roman\source\repos\UA-.NETStandard-Samples\Samples\ClientControls.Net4\Endpoints\ConfiguredServerDlg.cs(1105,13): error CS4007: Instance of type 'System.ReadOnlySpan<string>.Enumerator' cannot be preserved across 'await' or 'yield' boundary. [C:\Users\roman\source\repos\UA-.NETStandard-Samples\Samples\ClientControls.Net4\UA Client Controls.csproj]
C:\Users\roman\source\repos\UA-.NETStandard-Samples\Samples\ClientControls.Net4\Endpoints\ConfiguredServerDlg.cs(1150,90): error CS0037: Cannot convert null to 'ArrayOf<string>' because it is a non-nullable value type [C:\Users\roman\source\repos\UA-.NETStandard-Samples\Samples\ClientControls.Net4\UA Client Controls.csproj]
C:\Users\roman\source\repos\UA-.NETStandard-Samples\Samples\ClientControls.Net4\Endpoints\ConfiguredServerDlg.cs(1359,47): error CS0266: Cannot implicitly convert type 'string' to 'Opc.Ua.LocalizedText'. An explicit conversion exists (are you missing a cast?) [C:\Users\roman\source\repos\UA-.NETStandard-Samples\Samples\ClientControls.Net4\UA Client Controls.csproj]
C:\Users\roman\source\repos\UA-.NETStandard-Samples\Samples\ClientControls.Net4\Endpoints\ConfiguredServerDlg.cs(1777,100): error CS1503: Argument 1: cannot convert from 'Opc.Ua.ByteString' to 'byte[]' [C:\Users\roman\source\repos\UA-.NETStandard-Samples\Samples\ClientControls.Net4\UA Client Controls.csproj]
C:\Users\roman\source\repos\UA-.NETStandard-Samples\Samples\ClientControls.Net4\Endpoints\ConfiguredServerDlg.cs(1778,104): error CS1503: Argument 1: cannot convert from 'System.Security.Cryptography.X509Certificates.X509Certificate2' to 'Opc.Ua.Security.Certificates.Certificate' [C:\Users\roman\source\repos\UA-.NETStandard-Samples\Samples\ClientControls.Net4\UA Client Controls.csproj]
C:\Users\roman\source\repos\UA-.NETStandard-Samples\Samples\ClientControls.Net4\Endpoints\UsernameTokenDlg.cs(76,68): error CS1503: Argument 1: cannot convert from 'Opc.Ua.ByteString' to 'byte[]' [C:\Users\roman\source\repos\UA-.NETStandard-Samples\Samples\ClientControls.Net4\UA Client Controls.csproj]
C:\Users\roman\source\repos\UA-.NETStandard-Samples\Samples\ClientControls.Net4\Endpoints\UsernameTokenDlg.cs(89,34): error CS0266: Cannot implicitly convert type 'byte[]' to 'Opc.Ua.ByteString'. An explicit conversion exists (are you missing a cast?) [C:\Users\roman\source\repos\UA-.NETStandard-Samples\Samples\ClientControls.Net4\UA Client Controls.csproj]
C:\Users\roman\source\repos\UA-.NETStandard-Samples\Samples\ClientControls.Net4\Endpoints\UsernameTokenDlg.cs(93,34): error CS0037: Cannot convert null to 'ByteString' because it is a non-nullable value type [C:\Users\roman\source\repos\UA-.NETStandard-Samples\Samples\ClientControls.Net4\UA Client Controls.csproj]
